../Core/Src/main.c:199:6:mg_random	24	static
../Core/Src/main.c:208:13:timer_fn	64	static
../Core/Src/main.c:213:10:mg_millis	16	static
../Core/Src/main.c:230:7:button_event_handler	24	static
../Core/Src/main.c:280:7:pwm_event_handler	32	static
../Core/Src/main.c:407:11:read_button_level	16	static
../Core/Src/main.c:420:5:main	8	static
../Core/Src/main.c:530:6:SystemClock_Config	88	static
../Core/Src/main.c:588:13:MX_ETH_Init	8	static
../Core/Src/main.c:637:13:MX_RNG_Init	8	static
../Core/Src/main.c:663:13:MX_TIM1_Init	40	static
../Core/Src/main.c:710:13:MX_USART3_UART_Init	8	static
../Core/Src/main.c:745:13:MX_GPIO_Init	56	static
../Core/Src/main.c:807:6:parse_string	64	static
../Core/Src/main.c:872:6:StartConfigTask	48	static
../Core/Src/main.c:955:6:StartWebServerTask	224	static
../Core/Src/main.c:1000:6:StartOutputTask	16	static
../Core/Src/main.c:1035:6:StartCronTask	104	static
../Core/Src/main.c:1098:6:StartInputTask	576	static
../Core/Src/main.c:1164:6:StartOnewireTask	32	static
../Core/Src/main.c:1234:6:StartEncoderTask	576	static
../Core/Src/main.c:1313:6:HAL_TIM_PeriodElapsedCallback	16	static
../Core/Src/main.c:1330:6:Error_Handler	4	static,ignoring_inline_asm
